{
  "schemaVersion" : "v3",
  "fields" : [ {
    "name" : "Video Card"
  }, {
    "name" : "Series"
  }, {
    "name" : "Chipset"
  }, {
    "name" : "Memory"
  }, {
    "name" : "Core Clock"
  }, {
    "name" : "Price"
  } ],
  "rules" : [ {
    "rule" : "String field Video Card rule",
    "constraints" : [ {
      "field" : "Video Card",
      "is" : "ofType",
      "value" : "string"
    }, {
      "field" : "Video Card",
      "is" : "matchingRegex",
      "value" : ".{13,36}"
    } ]
  }, {
    "rule" : "String field Series rule",
    "constraints" : [ {
      "field" : "Series",
      "is" : "ofType",
      "value" : "string"
    }, {
      "field" : "Series",
      "is" : "matchingRegex",
      "value" : ".{2,31}"
    } ]
  }, {
    "rule" : "String field Chipset rule",
    "constraints" : [ {
      "field" : "Chipset",
      "is" : "ofType",
      "value" : "string"
    }, {
      "field" : "Chipset",
      "is" : "matchingRegex",
      "value" : ".{7,20}"
    } ]
  }, {
    "rule" : "Numeric field Memory rule",
    "constraints" : [ {
      "field" : "Memory",
      "is" : "ofType",
      "value" : "numeric"
    }, {
      "field" : "Memory",
      "is" : "greaterThanOrEqualTo",
      "value" : "1"
    }, {
      "field" : "Memory",
      "is" : "lessThan",
      "value" : "16"
    }, {
      "field" : "Memory",
      "is" : "granularTo",
      "value" : 1
    } ]
  }, {
    "rule" : "Numeric field Core Clock rule",
    "constraints" : [ {
      "field" : "Core Clock",
      "is" : "ofType",
      "value" : "numeric"
    }, {
      "field" : "Core Clock",
      "is" : "greaterThanOrEqualTo",
      "value" : "0.954"
    }, {
      "field" : "Core Clock",
      "is" : "lessThan",
      "value" : "1.72"
    } ]
  }, {
    "rule" : "Numeric field Price rule",
    "constraints" : [ {
      "field" : "Price",
      "is" : "ofType",
      "value" : "numeric"
    }, {
      "field" : "Price",
      "is" : "greaterThanOrEqualTo",
      "value" : "63.48"
    }, {
      "field" : "Price",
      "is" : "lessThan",
      "value" : "5558.71"
    } ]
  } ]
}